[chineselangsoc.wordpress.com/index.html]
[backblue.gif]
[fade.gif]
[index.html]
[s1.wp.com/wp-content/plugins/custom-fonts/js/webfont.js]
[chineselangsoc.wordpress.com/feed/index.html]
[s1.wp.com/wp-content/themes/pub/twentyseventeen/style605e.css]
[chineselangsoc.wordpress.com/comments/feed/index.html]
[chineselangsoc.wordpress.com/xmlrpc0db0.php]
[chineselangsoc.wordpress.com/osd.xml]
[chineselangsoc.files.wordpress.com/2017/08/cropped-cropped-logo-only-black76ca.png]
[chineselangsoc.files.wordpress.com/2017/08/cropped-cropped-logo-only-black9939.png]
[chineselangsoc.files.wordpress.com/2017/08/cropped-cropped-logo-only-blackad83.png]
[chineselangsoc.files.wordpress.com/2017/09/cropped-main_pic1.jpg]
[chineselangsoc.files.wordpress.com/2017/08/cropped-logo-only-black3.png]
[chineselangsoc.files.wordpress.com/2017/08/officers173cc.jpg]
[chineselangsoc.files.wordpress.com/2017/08/danny12eb4.jpg]
[chineselangsoc.files.wordpress.com/2017/08/danny1ebf4.jpg]
[chineselangsoc.wordpress.com/about/index.html]
[chineselangsoc.files.wordpress.com/2017/08/sunny12eb4.jpg]
[chineselangsoc.files.wordpress.com/2017/08/sunny1ebf4.jpg]
[chineselangsoc.files.wordpress.com/2017/08/isaac12eb4.jpg]
[chineselangsoc.files.wordpress.com/2017/08/isaac1ebf4.jpg]
[chineselangsoc.wordpress.com/page/index.html]
[chineselangsoc.files.wordpress.com/2017/08/angel12eb4.jpg]
[chineselangsoc.files.wordpress.com/2017/08/angel1ebf4.jpg]
[chineselangsoc.files.wordpress.com/2017/08/nick12eb4.jpg]
[chineselangsoc.files.wordpress.com/2017/08/nick1ebf4.jpg]
[chineselangsoc.files.wordpress.com/2017/08/casey12eb4.jpg]
[chineselangsoc.wordpress.com/contact/index.html]
[chineselangsoc.files.wordpress.com/2017/08/casey1ebf4.jpg]
[chineselangsoc.files.wordpress.com/2017/08/ashley12eb4.jpg]
[chineselangsoc.files.wordpress.com/2017/08/ashley1ebf4.jpg]
[chineselangsoc.files.wordpress.com/2017/08/sahil12eb4.jpg]
[chineselangsoc.files.wordpress.com/2017/08/sahil1ebf4.jpg]
[chineselangsoc.wordpress.com/gallery/index.html]
[chineselangsoc.files.wordpress.com/2017/08/andy12eb4.jpg]
[chineselangsoc.files.wordpress.com/2017/08/andy1ebf4.jpg]
[chineselangsoc.files.wordpress.com/2017/08/freda12eb4.jpg]
[chineselangsoc.files.wordpress.com/2017/08/freda1ebf4.jpg]
[chineselangsoc.wordpress.com/about/danny/index.html]
[chineselangsoc.files.wordpress.com/2017/09/gal473cc.jpg]
[chineselangsoc.files.wordpress.com/2017/09/gal14698.jpg]
[chineselangsoc.wordpress.com/about/sunny/index.html]
[chineselangsoc.files.wordpress.com/2017/09/gal28d4d.jpg]
[chineselangsoc.files.wordpress.com/2017/09/gal3878d.jpg]
[chineselangsoc.files.wordpress.com/2017/09/gal4e6c6.jpg]
[chineselangsoc.wordpress.com/about/isaac/index.html]
[chineselangsoc.files.wordpress.com/2017/09/gal5878d.jpg]
[chineselangsoc.files.wordpress.com/2017/09/gal6c60a.jpg]
[chineselangsoc.files.wordpress.com/2017/09/gal74d70.jpg]
[chineselangsoc.files.wordpress.com/2017/09/gal824d3.jpg]
[chineselangsoc.files.wordpress.com/2017/09/gal9b214.jpg]
[chineselangsoc.wordpress.com/about/angel/index.html]
[chineselangsoc.files.wordpress.com/2017/09/gal10b214.jpg]
[0.gravatar.com/js/gprofilesde3a.js]
[chineselangsoc.wordpress.com/about/casey/index.html]
[chineselangsoc.wordpress.com/about/ashley/index.html]
[chineselangsoc.wordpress.com/about/nick/index.html]
[s1.wp.com/wp-content/mu-plugins/gravatar-hovercards/wpgrohoc3b6.js]
[chineselangsoc.wordpress.com/about/andy/index.html]
[chineselangsoc.wordpress.com/about/sahil/index.html]
[chineselangsoc.wordpress.com/about/freda/index.html]
[s1.wp.com/wp-content/mu-plugins/carousel/jetpack-carouselaccd.css]
[chineselangsoc.wordpress.com/gallery/gal1/index.html]
[chineselangsoc.wordpress.com/gallery/gal3/index.html]
[chineselangsoc.wordpress.com/gallery/gal2/index.html]
[translate.google.com/translate_a/element.2d6172.delayed]
[s1.wp.com/wp-content/mu-plugins/tiled-gallery/tiled-galleryf830.css]
[chineselangsoc.wordpress.com/gallery/gal4/index.html]
[chineselangsoc.wordpress.com/gallery/gal5/index.html]
[chineselangsoc.wordpress.com/gallery/gal6/index.html]
[s0.wp.com/wp-content/mu-plugins/post-flair/sharing/sharing76da.js]
[chineselangsoc.wordpress.com/gallery/gal8/index.html]
[chineselangsoc.wordpress.com/gallery/gal7/index.html]
[chineselangsoc.wordpress.com/wp-content/plugins/ie-sitemode/custom-jumplist.php]
[s.skimresources.com/js/725X1342.skimlinks.js]
[chineselangsoc.wordpress.com/gallery/gal9/index.html]
[stats.wp.com/w9f61.js]
[chineselangsoc.wordpress.com/gallery/gal10/index.html]
[pixel.wp.com/b0b80.gif]
[chineselangsoc.wordpress.com/index.html]
[s1.wp.com/wp-content/plugins/custom-fonts/js/webfont.js]
[s1.wp.com/wp-content/themes/pub/twentyseventeen/style605e.css]
[chineselangsoc.wordpress.com/about/index.html]
[chineselangsoc.wordpress.com/page/index.html]
[chineselangsoc.wordpress.com/contact/index.html]
[chineselangsoc.files.wordpress.com/2017/09/gal157bb.jpg]
[chineselangsoc.files.wordpress.com/2017/09/gal20581.jpg]
[chineselangsoc.files.wordpress.com/2017/09/gal3741b.jpg]
[chineselangsoc.files.wordpress.com/2017/09/gal44936.jpg]
[chineselangsoc.files.wordpress.com/2017/09/gal5741b.jpg]
[chineselangsoc.files.wordpress.com/2017/09/gal6062d.jpg]
[chineselangsoc.files.wordpress.com/2017/09/gal7729f.jpg]
[chineselangsoc.files.wordpress.com/2017/09/gal8b45b.jpg]
[chineselangsoc.files.wordpress.com/2017/09/gal9caf7.jpg]
[chineselangsoc.files.wordpress.com/2017/09/gal10caf7.jpg]
[chineselangsoc.wordpress.com/gallery/index.html]
[s1.wp.com/wp-content/mu-plugins/highlander-comments/style0196.css]
[chineselangsoc.wordpress.com/about/danny/index.html]
[chineselangsoc.files.wordpress.com/2017/08/danny1.jpg]
[s2.wp.com/_static/index1575.html]
[chineselangsoc.files.wordpress.com/2017/08/sunny1.jpg]
[chineselangsoc.wordpress.com/about/sunny/index.html]
[chineselangsoc.files.wordpress.com/2017/08/isaac1.jpg]
[chineselangsoc.wordpress.com/about/isaac/index.html]
[chineselangsoc.files.wordpress.com/2017/08/angel1.jpg]
[chineselangsoc.wordpress.com/about/danny/feed/index.html]
[chineselangsoc.wordpress.com/about/angel/index.html]
[chineselangsoc.files.wordpress.com/2017/08/nick1.jpg]
[chineselangsoc.wordpress.com/about/nick/index.html]
[chineselangsoc.wordpress.com/about/sunny/feed/index.html]
[chineselangsoc.wordpress.com/about/isaac/feed/index.html]
[chineselangsoc.wordpress.com/about/angel/feed/index.html]
[chineselangsoc.files.wordpress.com/2017/08/casey1.jpg]
[chineselangsoc.wordpress.com/about/casey/index.html]
[chineselangsoc.files.wordpress.com/2017/08/ashley1.jpg]
[chineselangsoc.wordpress.com/about/nick/feed/index.html]
[chineselangsoc.wordpress.com/about/ashley/index.html]
[chineselangsoc.files.wordpress.com/2017/08/sahil1.jpg]
[chineselangsoc.wordpress.com/about/sahil/index.html]
[chineselangsoc.files.wordpress.com/2017/08/andy1.jpg]
[chineselangsoc.wordpress.com/about/casey/feed/index.html]
[chineselangsoc.wordpress.com/about/andy/index.html]
[chineselangsoc.files.wordpress.com/2017/08/freda1.jpg]
[chineselangsoc.wordpress.com/about/freda/index.html]
[chineselangsoc.wordpress.com/about/ashley/feed/index.html]
[chineselangsoc.wordpress.com/about/sahil/feed/index.html]
[chineselangsoc.wordpress.com/about/andy/feed/index.html]
[chineselangsoc.wordpress.com/about/freda/feed/index.html]
[chineselangsoc.files.wordpress.com/2017/09/gal1.jpg]
[chineselangsoc.wordpress.com/gallery/gal1/feed/index.html]
[chineselangsoc.files.wordpress.com/2017/09/gal1c6eb.jpg]
[chineselangsoc.wordpress.com/gallery/gal1/index.html]
[chineselangsoc.files.wordpress.com/2017/09/gal2.jpg]
[chineselangsoc.wordpress.com/gallery/gal2/feed/index.html]
[chineselangsoc.files.wordpress.com/2017/09/gal2bbbd.jpg]
[chineselangsoc.wordpress.com/gallery/gal2/index.html]
[chineselangsoc.files.wordpress.com/2017/09/gal3.jpg]
[chineselangsoc.wordpress.com/gallery/gal3/feed/index.html]
[chineselangsoc.files.wordpress.com/2017/09/gal3bbbd.jpg]
[chineselangsoc.wordpress.com/gallery/gal3/index.html]
[chineselangsoc.files.wordpress.com/2017/09/gal4.jpg]
[chineselangsoc.wordpress.com/gallery/gal4/feed/index.html]
[chineselangsoc.files.wordpress.com/2017/09/gal4c6eb.jpg]
[chineselangsoc.wordpress.com/gallery/gal4/index.html]
[chineselangsoc.files.wordpress.com/2017/09/gal5.jpg]
[chineselangsoc.wordpress.com/gallery/gal5/feed/index.html]
[chineselangsoc.files.wordpress.com/2017/09/gal5bbbd.jpg]
[chineselangsoc.wordpress.com/gallery/gal5/index.html]
[chineselangsoc.files.wordpress.com/2017/09/gal6.jpg]
[chineselangsoc.wordpress.com/gallery/gal6/feed/index.html]
[chineselangsoc.files.wordpress.com/2017/09/gal6c6eb.jpg]
[chineselangsoc.wordpress.com/gallery/gal6/index.html]
[chineselangsoc.files.wordpress.com/2017/09/gal7.jpg]
[chineselangsoc.wordpress.com/gallery/gal7/feed/index.html]
[chineselangsoc.files.wordpress.com/2017/09/gal7c6eb.jpg]
[chineselangsoc.wordpress.com/gallery/gal7/index.html]
[chineselangsoc.wordpress.com/gallery/gal8/feed/index.html]
[chineselangsoc.files.wordpress.com/2017/09/gal8.jpg]
[chineselangsoc.files.wordpress.com/2017/09/gal8c6eb.jpg]
[chineselangsoc.wordpress.com/gallery/gal8/index.html]
[chineselangsoc.files.wordpress.com/2017/09/gal9.jpg]
[chineselangsoc.wordpress.com/gallery/gal9/feed/index.html]
[chineselangsoc.files.wordpress.com/2017/09/gal9c6eb.jpg]
[chineselangsoc.wordpress.com/gallery/gal9/index.html]
[chineselangsoc.files.wordpress.com/2017/09/gal10.jpg]
[chineselangsoc.wordpress.com/gallery/gal10/feed/index.html]
[chineselangsoc.files.wordpress.com/2017/09/gal10c6eb.jpg]
[chineselangsoc.wordpress.com/gallery/gal10/index.html]
[chineselangsoc.wordpress.com/gallery/index9a7b.html]
[chineselangsoc.wordpress.com/gallery/index5a58.html]
[chineselangsoc.wordpress.com/gallery/index386f.html]
[pixel.wp.com/g9818.gif]
[0.gravatar.com/js/gprofilesde3a.js]
[s1.wp.com/wp-content/mu-plugins/gravatar-hovercards/wpgrohoc3b6.js]
[chineselangsoc.wordpress.com/ABCDEFGHIJKLMNOPQRSTUVWXYZabcdefghijklmnopqrstuvwxyz0123456789+/index.html]
[s1.wp.com/wp-content/mu-plugins/carousel/images/arrows.png]
[s1.wp.com/wp-content/mu-plugins/carousel/images/arrows-2x.png]
[s1.wp.com/wp-content/mu-plugins/carousel/images/carousel-spritee4da.png]
[s1.wp.com/wp-content/mu-plugins/carousel/images/carousel-sprite-2xe4da.png]
[s1.wp.com/wp-content/mu-plugins/carousel/jetpack-carouselaccd.css]
[s1.wp.com/wp-content/mu-plugins/tiled-gallery/tiled-galleryf830.css]
[translate.google.com/translate_a/element6172.html]
[s0.wp.com/wp-content/mu-plugins/post-flair/sharing/sharing76da.js]
[chineselangsoc.wordpress.com/g.gif]
[chineselangsoc.wordpress.com/c.gif]
[pixel.wp.com/t.gif]
[stats.wp.com/w9f61.js]
[s1.wp.com/wp-content/mu-plugins/post-flair/sharing/images/icon-wordpress.png]
[s1.wp.com/wp-content/mu-plugins/post-flair/sharing/images/icon-twitter.png]
[s1.wp.com/wp-content/mu-plugins/post-flair/sharing/images/icon-facebook.png]
[s1.wp.com/wp-content/mu-plugins/post-flair/sharing/images/googleplus1.png]
[s1.wp.com/wp-content/mu-plugins/post-flair/sharing/images/icon-wordpress-2x.png]
[s1.wp.com/wp-content/mu-plugins/post-flair/sharing/images/icon-twitter-2x.png]
[s1.wp.com/wp-content/mu-plugins/post-flair/sharing/images/icon-facebook-2x.png]
[s1.wp.com/wp-content/mu-plugins/post-flair/sharing/images/googleplus1@2x.png]
[s1.wp.com/wp-content/mu-plugins/highlander-comments/images/postto-buttons.png]
[s1.wp.com/wp-content/mu-plugins/highlander-comments/images/button-back.gif]
[s1.wp.com/wp-content/mu-plugins/highlander-comments/images/button-back-over.gif]
[s1.wp.com/wp-content/mu-plugins/highlander-comments/images/loader.gif]
[s1.wp.com/wp-content/mu-plugins/highlander-comments/style0196.css]
[s2.wp.com/_static/index1575.html]
[chineselangsoc.wordpress.com/ABCDEFGHIJKLMNOPQRSTUVWXYZabcdefghijklmnopqrstuvwxyz0123456789+/index.html]
[chineselangsoc.wordpress.com/g.html]
[chineselangsoc.wordpress.com/c.html]
